[36mvite v7.3.1 [32mbuilding client environment for production...[36m[39m
transforming...
[32mΓ£ô[39m 445 modules transformed.
rendering chunks...
computing gzip size...
[2mdist/[22m[32mindex.html                 [39m[1m[2m  0.93 kB[22m[1m[22m[2m Γöé gzip:   0.48 kB[22m
[2mdist/[22m[35massets/index-D06GKHY4.css  [39m[1m[2m 29.78 kB[22m[1m[22m[2m Γöé gzip:   6.43 kB[22m
[2mdist/[22m[36massets/index-DRPyrogE.js   [39m[1m[2m428.95 kB[22m[1m[22m[2m Γöé gzip: 139.47 kB[22m
[32mΓ£ô built in 2.77s[39m
